app/create/page.tsx(556,33): error TS2322: Type 'CardFormData' is not assignable to type 'Record<string, unknown>'.
  Index signature for type 'string' is missing in type 'CardFormData'.
components/LottieAnimation.tsx(65,20): error TS2339: Property 'animationData' does not exist on type 'AnimationConfigWithPath<RendererType> | AnimationConfigWithData<RendererType>'.
  Property 'animationData' does not exist on type 'AnimationConfigWithPath<RendererType>'.
components/LottieAnimation.tsx(67,20): error TS2339: Property 'path' does not exist on type 'AnimationConfigWithPath<RendererType> | AnimationConfigWithData<RendererType>'.
  Property 'path' does not exist on type 'AnimationConfigWithData<RendererType>'.
